// Vitest Snapshot v1, https://vitest.dev/guide/snapshot.html

exports[`deriveTokens > snapshot: a custom dark palette 1`] = `
{
  "--pui-accent": "210 17% 16%",
  "--pui-accent-foreground": "210 20% 96%",
  "--pui-backdrop": "205 23% 21%",
  "--pui-background": "210 20% 8%",
  "--pui-border": "210 17% 17%",
  "--pui-card": "210 18% 11%",
  "--pui-card-foreground": "210 20% 92%",
  "--pui-chart-axis": "208 12% 49%",
  "--pui-chart-grid": "210 17% 16%",
  "--pui-chart-negative": "0 78% 62%",
  "--pui-chart-positive": "160 84% 39%",
  "--pui-chart-primary": "var(--pui-primary)",
  "--pui-control-h": "2.25rem",
  "--pui-control-h-lg": "2.5rem",
  "--pui-control-h-sm": "2rem",
  "--pui-destructive": "0 72% 51%",
  "--pui-destructive-foreground": "225 12% 98%",
  "--pui-duration-base": "200ms",
  "--pui-duration-fast": "150ms",
  "--pui-duration-slow": "500ms",
  "--pui-ease": "cubic-bezier(0, 0, 0.2, 1)",
  "--pui-font-mono": ""JetBrains Mono", ui-monospace, SFMono-Regular, Consolas, monospace",
  "--pui-font-sans": ""Inter Variable", Inter, system-ui, -apple-system, "Segoe UI", Roboto, sans-serif",
  "--pui-foreground": "210 20% 92%",
  "--pui-info": "199 89% 60%",
  "--pui-info-foreground": "225 12% 9%",
  "--pui-input": "210 17% 19%",
  "--pui-muted": "210 17% 14%",
  "--pui-muted-foreground": "208 12% 57%",
  "--pui-negative": "0 78% 65%",
  "--pui-negative-foreground": "225 12% 9%",
  "--pui-overlay-opacity": "0.7",
  "--pui-popover": "210 18% 12%",
  "--pui-popover-foreground": "210 20% 92%",
  "--pui-positive": "160 84% 39%",
  "--pui-positive-foreground": "225 12% 9%",
  "--pui-primary": "25 95% 53%",
  "--pui-primary-foreground": "225 12% 9%",
  "--pui-quality-low": "24 75% 56%",
  "--pui-quality-premium": "45 93% 58%",
  "--pui-quality-standard": "214 20% 70%",
  "--pui-radius": "0.5rem",
  "--pui-rail-active": "210 17% 16%",
  "--pui-ring": "25 95% 53%",
  "--pui-ring-offset": "1px",
  "--pui-ring-width": "1px",
  "--pui-scrim": "var(--pui-background)",
  "--pui-secondary": "210 17% 15%",
  "--pui-secondary-foreground": "210 20% 92%",
  "--pui-shadow-floating": "0 20px 25px -5px rgb(0 0 0 / 0.5), 0 8px 10px -6px rgb(0 0 0 / 0.5)",
  "--pui-shadow-thumb": "0 2px 4px rgb(0 0 0 / 0.4)",
  "--pui-shadow-tooltip": "0 4px 16px -4px hsl(var(--pui-background) / 0.9), 0 2px 6px -2px hsl(var(--pui-background) / 0.7)",
  "--pui-shadow-window": "0 25px 50px -12px rgb(0 0 0 / 0.5)",
  "--pui-shell": "210 18% 10%",
  "--pui-syntax-attribute": "hsl(var(--pui-warning))",
  "--pui-syntax-changed": "hsl(var(--pui-warning))",
  "--pui-syntax-comment": "hsl(var(--pui-muted-foreground))",
  "--pui-syntax-constant": "hsl(var(--pui-warning))",
  "--pui-syntax-deleted": "hsl(var(--pui-negative))",
  "--pui-syntax-foreground": "hsl(var(--pui-foreground))",
  "--pui-syntax-function": "hsl(var(--pui-info))",
  "--pui-syntax-heading": "hsl(var(--pui-primary))",
  "--pui-syntax-inserted": "hsl(var(--pui-positive))",
  "--pui-syntax-invalid": "hsl(var(--pui-negative))",
  "--pui-syntax-keyword": "hsl(var(--pui-primary))",
  "--pui-syntax-link": "hsl(var(--pui-info))",
  "--pui-syntax-operator": "hsl(var(--pui-primary) / 0.85)",
  "--pui-syntax-parameter": "hsl(var(--pui-foreground))",
  "--pui-syntax-property": "hsl(var(--pui-foreground))",
  "--pui-syntax-punctuation": "hsl(var(--pui-foreground) / 0.72)",
  "--pui-syntax-regexp": "hsl(var(--pui-quality-low))",
  "--pui-syntax-string": "hsl(var(--pui-positive))",
  "--pui-syntax-tag": "hsl(var(--pui-negative))",
  "--pui-syntax-type": "hsl(var(--pui-quality-standard))",
  "--pui-thumb": "var(--pui-foreground)",
  "--pui-tint-border": "0.3",
  "--pui-tint-hover": "0.25",
  "--pui-tint-rest": "0.15",
  "--pui-tooltip": "210 15% 21%",
  "--pui-tooltip-foreground": "225 12% 96%",
  "--pui-warning": "38 92% 55%",
  "--pui-warning-foreground": "225 12% 9%",
}
`;
